
> travelium@0.1.0 build
> vite build

node.exe : [2m7:43:37 AM[22m [33m[1m[vite][22m[39m [33mwarning: `esbuild` option was specified by 
"vite:react-babel" plugin. This option is deprecated, please use `oxc` instead.[39m
At line:1 char:1
+ & "C:\Program Files\nodejs/node.exe" "C:\Program Files\nodejs/node_mo ...
+ ~~~~~~~~~~~~~~~~~~~~~~~~~~~~~~~~~~~~~~~~~~~~~~~~~~~~~~~~~~~~~~~~~~~~~
    + CategoryInfo          : NotSpecified: ([2m7:43:37 AM...` instead.[39m:String) [], RemoteException
    + FullyQualifiedErrorId : NativeCommandError
 
`optimizeDeps.rollupOptions` / `ssr.optimizeDeps.rollupOptions` is deprecated. Use `optimizeDeps.rolldownOptions` 
instead. Note that this option may be set by a plugin. Set VITE_DEPRECATION_TRACE=1 to see where it is called.
[vite:react-babel] We recommend switching to `@vitejs/plugin-react-oxc` for improved performance. More information at 
https://vite.dev/rolldown
[36mvite v8.1.2 [32mbuilding client environment for production...[36m[39m
[2K
transforming...Γ£ô 131 modules transformed.
[31mΓ£ù[39m Build failed in 645ms
[31merror during build:
[31mBuild failed with 1 error:

[31m[builtin:vite-transform] [0mExpected `}` but found `EOF`
      [38;5;246mΓò¡[0m[38;5;246mΓöÇ[0m[38;5;246m[[0m src/pages/AdminDashboard.jsx:1828:3 [38;5;246m][0m
      [38;5;246mΓöé[0m
 [38;5;246m  73 Γöé[0m 
[38;5;249me[0m[38;5;249mx[0m[38;5;249mp[0m[38;5;249mo[0m[38;5;249mr[0m[38;5;249mt[0m[38;5;249m [0m[38;5;
249md[0m[38;5;249me[0m[38;5;249mf[0m[38;5;249ma[0m[38;5;249mu[0m[38;5;249ml[0m[38;5;249mt[0m[38;5;249m [
0m[38;5;249mf[0m[38;5;249mu[0m[38;5;249mn[0m[38;5;249mc[0m[38;5;249mt[0m[38;5;249mi[0m[38;5;249mo[0m[38;
5;249mn[0m[38;5;249m [0m[38;5;249mA[0m[38;5;249md[0m[38;5;249mm[0m[38;5;249mi[0m[38;5;249mn[0m[38;5;249mD
[0m[38;5;249ma[0m[38;5;249ms[0m[38;5;249mh[0m[38;5;249mb[0m[38;5;249mo[0m[38;5;249ma[0m[38;5;249mr[0m[3
8;5;249md[0m[38;5;249m([0m[38;5;249m)[0m[38;5;249m [0m{
 [38;5;240m     Γöé[0m                                          Γö¼  
 [38;5;240m     Γöé[0m                                          Γò░ΓöÇΓöÇ Opened here
 [38;5;240m     Γöé[0m 
 [38;5;246m1828 Γöé[0m 
 [38;5;240m     Γöé[0m   Γöé 
 [38;5;240m     Γöé[0m   Γò░ΓöÇ `}` expected
[38;5;246mΓöÇΓöÇΓöÇΓöÇΓöÇΓöÇΓò»[0m
[31m
    at aggregateBindingErrorsIntoJsError (file:///C:/Users/Fabrice/.gemini/antigravity/scratch/Travelium/Traveliumgroba
l/node_modules/rolldown/dist/shared/error-B68YLzl3.mjs:48:18)
    at unwrapBindingResult (file:///C:/Users/Fabrice/.gemini/antigravity/scratch/Travelium/Traveliumgrobal/node_modules
/rolldown/dist/shared/error-B68YLzl3.mjs:18:128)
    at #build (file:///C:/Users/Fabrice/.gemini/antigravity/scratch/Travelium/Traveliumgrobal/node_modules/rolldown/dis
t/shared/rolldown-build-DR0wzp0V.mjs:3256:34)
    at async buildEnvironment (file:///C:/Users/Fabrice/.gemini/antigravity/scratch/Travelium/Traveliumgrobal/node_modu
les/vite/dist/node/chunks/node.js:32593:66)
    at async Object.build (file:///C:/Users/Fabrice/.gemini/antigravity/scratch/Travelium/Traveliumgrobal/node_modules/
vite/dist/node/chunks/node.js:33015:19)
    at async Object.buildApp (file:///C:/Users/Fabrice/.gemini/antigravity/scratch/Travelium/Traveliumgrobal/node_modul
es/vite/dist/node/chunks/node.js:33012:153)
    at async CAC.<anonymous> (file:///C:/Users/Fabrice/.gemini/antigravity/scratch/Travelium/Traveliumgrobal/node_modul
es/vite/dist/node/cli.js:777:3) {
  errors: [Getter/Setter]
}[39m
